[INFO] loading conda
[INFO] activating tumor environment
[INFO] printing conda environment
CONDA_DEFAULT_ENV = tumor
[INFO] printing GPU info
Fri Jul 18 19:14:00 2025       
+-----------------------------------------------------------------------------------------+
| NVIDIA-SMI 560.35.03              Driver Version: 560.35.03      CUDA Version: 12.6     |
|-----------------------------------------+------------------------+----------------------+
| GPU  Name                 Persistence-M | Bus-Id          Disp.A | Volatile Uncorr. ECC |
| Fan  Temp   Perf          Pwr:Usage/Cap |           Memory-Usage | GPU-Util  Compute M. |
|                                         |                        |               MIG M. |
|=========================================+========================+======================|
|   0  NVIDIA H100 80GB HBM3          On  |   00000000:C2:00.0 Off |                    0 |
| N/A   18C    P0             68W /  700W |       1MiB /  81559MiB |      0%      Default |
|                                         |                        |             Disabled |
+-----------------------------------------+------------------------+----------------------+
                                                                                         
+-----------------------------------------------------------------------------------------+
| Processes:                                                                              |
|  GPU   GI   CI        PID   Type   Process name                              GPU Memory |
|        ID   ID                                                               Usage      |
|=========================================================================================|
|  No running processes found                                                             |
+-----------------------------------------------------------------------------------------+
[INFO] starting Python training
🔧 Loading configuration from: yaml/ldm.yaml
📊 Training parameters:
  - Batch size: 4
  - Learning rate: 2e-06
  - Modality: t1ce
  - Resolution: 512
  - Epochs: 10
  - Mixed precision: None

Train - Tumor: 5089, Healthy: 5994, Total: 11083
Test - Tumor: 566, Healthy: 574, Total: 1140
[1;34mwandb[0m: 
[1;34mwandb[0m: 🚀 View run [33m2025-07-18_19-14-07[0m at: [34mhttps://wandb.ai/min9kwak/finetune_ldm/runs/23s3dydb[0m
[1;34mwandb[0m: Find logs at: [1;35mwandb/run-20250718_191415-23s3dydb/logs[0m
[ERROR] Python execution failed
